WR-P-E-J-0000000001.p.1.s.1|Stemma is een ander woord voor stamboom .
WR-P-E-J-0000000001.p.1.s.2|In de historische wetenschap wordt zo'n stamboom , onder de naam stemma codicum ( handschriftelijke genealogie ) , gebruikt om de verwantschap tussen handschriften weer te geven .
WR-P-E-J-0000000001.p.1.s.3|Werkwijze Hiervoor worden de handschriften genummerd en gedateerd zodat ze op de juiste plaats van hun afstammingsgeschiedenis geplaatst kunnen worden .
WR-P-E-J-0000000001.p.1.s.4|De hoofdletter A wordt gebruikt voor het originele handschrift .
WR-P-E-J-0000000001.p.1.s.5|De andere handschriften krijgen ook een letter die verband kan houden met hun plaats van oorsprong Ã³f plaats van bewaring .
WR-P-E-J-0000000001.p.1.s.6|Verdwenen handschriften waarvan men toch vermoedt dat ze ooit bestaan hebben worden ook in het stemma opgenomen en worden weergegeven door de laatste letters van het alfabet en worden tussen vierkante haken geplaatst .
WR-P-E-J-0000000001.p.1.s.7|Tenslotte gaat men de verwantschap tussen de handschriften aanduiden .
WR-P-E-J-0000000001.p.1.s.8|Een volle lijn duidt op een verwantschap , terweil een stippelijn op een onzekere verwantschap duidt .
