@title=Stemma
@language=nl
WR-P-E-J-0000000001.p.1.s.1|[ @folia Stemma N(eigen,ev,basis,zijd,stan) Stemma ] [ @folia zijn WW(pv,tgw,ev) is ] [ @folia een LID(onbep,stan,agr) een ] [ @folia ander ADJ(prenom,basis,zonder) ander ] [ @folia woord N(soort,ev,basis,onz,stan) woord ] [ @folia voor VZ(init) voor ] [ @folia stamboom N(soort,ev,basis,zijd,stan) stamboom ] [ @folia . LET() . ]
@title=Stemma
@language=nl
WR-P-E-J-0000000001.p.1.s.2|[ @folia in VZ(init) In ] [ @folia de LID(bep,stan,rest) de ] [ @folia historisch ADJ(prenom,basis,met-e,stan) historische ] [ @folia wetenschap N(soort,ev,basis,zijd,stan) wetenschap ] [ @folia worden WW(pv,tgw,met-t) wordt ] [ @folia zo'n VNW(aanw,det,stan,prenom,zonder,agr) zo'n ] [ @folia stamboom N(soort,ev,basis,zijd,stan) stamboom ] [ @folia , LET() , ] [ @folia onder VZ(init) onder ] [ @folia de LID(bep,stan,rest) de ] [ @folia naam N(soort,ev,basis,zijd,stan) naam ] [ @folia stemma N(soort,ev,basis,zijd,stan) stemma ] [ @folia codicum N(soort,ev,basis,onz,stan) codicum ] [ @folia ( LET() ( ] [ @folia handschriftelijk ADJ(prenom,basis,met-e,stan) handschriftelijke ] [ @folia genealogie N(soort,ev,basis,zijd,stan) genealogie ] [ @folia ) LET() ) ] [ @folia , LET() , ] [ @folia gebruiken WW(vd,vrij,zonder) gebruikt ] [ @folia om VZ(init) om ] [ @folia de LID(bep,stan,rest) de ] [ @folia verwantschap N(soort,ev,basis,zijd,stan) verwantschap ] [ @folia tussen VZ(init) tussen ] [ @folia handschrift N(soort,mv,basis,onz,stan) handschriften ] [ @folia weer BW() weer ] [ @folia te VZ(init) te ] [ @folia geven WW(inf,vrij,zonder) geven ] [ @folia . LET() . ]
@title=Stemma
@language=nl
WR-P-E-J-0000000001.p.1.s.3|[ @folia werkwijz N(soort,ev,basis,zijd,stan) Werkwijze ] [ @folia hiervoor BW() Hiervoor ] [ @folia worden WW(pv,tgw,mv) worden ] [ @folia de LID(bep,stan,rest) de ] [ @folia handschrift N(soort,mv,basis) handschriften ] [ @folia nummeren WW(vd,vrij,zonder) genummerd ] [ @folia en VG(neven) en ] [ @folia dateren WW(vd,vrij,zonder) gedateerd ] [ @folia zodat VG(onder) zodat ] [ @folia ze VNW(pers,pron,stan,red,3,ev,fem) ze ] [ @folia op VZ(init) op ] [ @folia de LID(bep,stan,rest) de ] [ @folia juist ADJ(prenom,basis,met-e,stan) juiste ] [ @folia plaats N(soort,ev,basis,zijd,stan) plaats ] [ @folia van VZ(init) van ] [ @folia hun VNW(bez,det,stan,vol,3,mv,prenom,zonder,agr) hun ] [ @folia afstammingsgeschiedenis N(soort,ev,basis,zijd,stan) afstammingsgeschiedenis ] [ @folia plaatsen WW(vd,vrij,zonder) geplaatst ] [ @folia kunnen WW(pv,tgw,mv) kunnen ] [ @folia worden WW(inf,vrij,zonder) worden ] [ @folia . LET() . ]
@title=Stemma
@language=nl
WR-P-E-J-0000000001.p.1.s.4|[ @folia de LID(bep,stan,rest) De ] [ @folia hoofdletter N(soort,ev,basis,zijd,stan) hoofdletter ] [ @folia _ SPEC(symb) A ] [ @folia worden WW(pv,tgw,met-t) wordt ] [ @folia gebruiken WW(vd,vrij,zonder) gebruikt ] [ @folia voor VZ(init) voor ] [ @folia het LID(bep,stan,evon) het ] [ @folia origineel ADJ(prenom,basis,met-e,stan) originele ] [ @folia handschrift N(soort,ev,basis,onz,stan) handschrift ] [ @folia . LET() . ]
@title=Stemma
@language=nl
WR-P-E-J-0000000001.p.1.s.5|[ @folia de LID(bep,stan,rest) De ] [ @folia ander ADJ(prenom,basis,met-e,stan) andere ] [ @folia handschrift N(soort,mv,basis) handschriften ] [ @folia krijgen WW(pv,tgw,mv) krijgen ] [ @folia ook BW() ook ] [ @folia een LID(onbep,stan,agr) een ] [ @folia letter N(soort,ev,basis,zijd,stan) letter ] [ @folia die VNW(betr,pron,stan,vol,persoon,getal) die ] [ @folia verband N(soort,ev,basis,onz,stan) verband ] [ @folia kunnen WW(pv,tgw,ev) kan ] [ @folia houden WW(inf,vrij,zonder) houden ] [ @folia met VZ(init) met ] [ @folia hun VNW(bez,det,stan,vol,3,mv,prenom,zonder,agr) hun ] [ @folia plaats N(soort,ev,basis,zijd,stan) plaats ] [ @folia van VZ(init) van ] [ @folia oorsprong N(soort,ev,basis,zijd,stan) oorsprong ] [ @folia óf VG(neven) óf ] [ @folia plaats N(soort,ev,basis,zijd,stan) plaats ] [ @folia van VZ(init) van ] [ @folia bewaring N(soort,ev,basis,zijd,stan) bewaring ] [ @folia . LET() . ]
@title=Stemma
@language=nl
WR-P-E-J-0000000001.p.1.s.6|[ @folia verdwijnen WW(vd,prenom,zonder) Verdwenen ] [ @folia handschrift N(soort,mv,basis) handschriften ] [ @folia waarvan BW() waarvan ] [ @folia men VNW(pers,pron,nomin,red,3p,ev,masc) men ] [ @folia toch BW() toch ] [ @folia vermoeden WW(pv,tgw,met-t) vermoedt ] [ @folia dat VG(onder) dat ] [ @folia ze VNW(pers,pron,stan,red,3,mv) ze ] [ @folia ooit BW() ooit ] [ @folia bestaan WW(inf,vrij,zonder) bestaan ] [ @folia hebben WW(inf,vrij,zonder) hebben ] [ @folia worden WW(inf,vrij,zonder) worden ] [ @folia ook BW() ook ] [ @folia in VZ(init) in ] [ @folia het LID(bep,stan,evon) het ] [ @folia stemma N(soort,ev,basis,onz,stan) stemma ] [ @folia opnemen WW(vd,vrij,zonder) opgenomen ] [ @folia en VG(neven) en ] [ @folia worden WW(pv,tgw,mv) worden ] [ @folia weergeven WW(vd,vrij,zonder) weergegeven ] [ @folia door VZ(init) door ] [ @folia de LID(bep,stan,rest) de ] [ @folia laat ADJ(prenom,sup,met-e,stan) laatste ] [ @folia letter N(soort,mv,basis) letters ] [ @folia van VZ(init) van ] [ @folia het LID(bep,stan,evon) het ] [ @folia alfabet N(soort,ev,basis,onz,stan) alfabet ] [ @folia en VG(neven) en ] [ @folia worden WW(pv,tgw,mv) worden ] [ @folia tussen VZ(init) tussen ] [ @folia vierkant ADJ(prenom,basis,met-e,stan) vierkante ] [ @folia haak N(soort,mv,basis) haken ] [ @folia plaatsen WW(vd,vrij,zonder) geplaatst ] [ @folia . LET() . ]
@title=Stemma
@language=nl
WR-P-E-J-0000000001.p.1.s.7|[ @folia tenslotte BW() Tenslotte ] [ @folia gaan WW(pv,tgw,met-t) gaat ] [ @folia men VNW(pers,pron,nomin,red,3p,ev,masc) men ] [ @folia de LID(bep,stan,rest) de ] [ @folia verwantschap N(soort,ev,basis,zijd,stan) verwantschap ] [ @folia tussen VZ(init) tussen ] [ @folia de LID(bep,stan,rest) de ] [ @folia handschrift N(soort,mv,basis) handschriften ] [ @folia aanduiden WW(inf,vrij,zonder) aanduiden ] [ @folia . LET() . ]
@title=Stemma
@language=nl
WR-P-E-J-0000000001.p.1.s.8|[ @folia een LID(onbep,stan,agr) Een ] [ @folia vol ADJ(prenom,basis,met-e,stan) volle ] [ @folia lijn N(soort,ev,basis,zijd,stan) lijn ] [ @folia duiden WW(pv,tgw,met-t) duidt ] [ @folia op VZ(init) op ] [ @folia een LID(onbep,stan,agr) een ] [ @folia verwantschap N(soort,ev,basis,zijd,stan) verwantschap ] [ @folia , LET() , ] [ @folia terweil VG(onder) terweil ] [ @folia een LID(onbep,stan,agr) een ] [ @folia stippelijn FOUTN(soort,ev,basis,zijd,stan) stippelijn ] [ @folia op VZ(init) op ] [ @folia een LID(onbep,stan,agr) een ] [ @folia onzeker ADJ(prenom,basis,met-e,stan) onzekere ] [ @folia verwantschap N(soort,ev,basis,zijd,stan) verwantschap ] [ @folia duiden WW(pv,tgw,met-t) duidt ] [ @folia . LET() . ]
