##META text fileDesc::titleStmt::title = Goedendag!
##META text fileDesc::titleStmt::author = Sheean Spoel
##META text fileDesc::editionStmt::edition = 2018-02-27T10:32:08.110594794
##META text fileDesc::publicationStmt = no publication statement available
##META text fileDesc::sourceDesc = Written by OpenOffice

##META text id = bar
##META text tei-tag = head
bar|Goedendag ! 


##META text id = foo
##META text tei-tag = p
##META text rend = italic
foo|Dit is een voorbeeldtekst om te demonstreren dat het mogelijk is tekst om te zetten vanuit TEI-formaat naar Alpino / Lassy-formaat . 


##META text rend = underline
foo_1|Een fijne dag nog ! 


