0-0|Dit is een test om te kijken

1-0|of gewone tekst

2-0|op een gewone manier

3-0|geparst kan worden

